// Jest Snapshot v1, https://goo.gl/fbAQLP

exports[`FieldDescription Render FieldDescription with default options 1`] = `
<div
  className="description"
  dangerouslySetInnerHTML={
    Object {
      "__html": "FieldDescription",
    }
  }
/>
`;
