// Jest Snapshot v1, https://goo.gl/fbAQLP

exports[`FieldError Render FieldError with default options 1`] = `<WithStyles(ForwardRef(FormHelperText)) />`;
