// Jest Snapshot v1, https://goo.gl/fbAQLP

exports[`FieldHelpLink Render FieldHelpLink with default options 1`] = `""`;
