// Jest Snapshot v1, https://goo.gl/fbAQLP

exports[`FieldHelpText Render FieldHelpText with default options 1`] = `""`;
