// Jest Snapshot v1, https://goo.gl/fbAQLP

exports[`FieldLabel Render FieldLabel with default options 1`] = `""`;
