// Jest Snapshot v1, https://goo.gl/fbAQLP

exports[`FormField Render FormField with default options 1`] = `
<StoreProvider>
  <WithStyles(Field)
    name="form-field"
    type="text"
  />
</StoreProvider>
`;
